/home/zeek/miniconda3/envs/rsys/lib/python3.10/site-packages/mlflow/tracking/_tracking_service/utils.py:178: FutureWarning: The filesystem tracking backend (e.g., './mlruns') will be deprecated in February 2026. Consider transitioning to a database backend (e.g., 'sqlite:///mlflow.db') to take advantage of the latest MLflow features. See https://github.com/mlflow/mlflow/issues/18534 for more details and migration guidance. For migrating existing data, https://github.com/mlflow/mlflow-export-import can be used.
  return FileStore(store_uri, store_uri)
INFO:     Started server process [34628]
INFO:     Waiting for application startup.
INFO:common.services.movie_store:Initializing MovieStore...
INFO:common.services.movie_store:MovieStore initialized with 86077 movies.
INFO:features.builder:Initializing FeatureBuilder from data/processed/movies_enriched.parquet and data/processed/tags.parquet...
FLUSH CALLED
2026-02-07 23:29:35 | retrieval.inference.recall | INFO | Initializing RecallService: Loading all active retrievers...
2026-02-07 23:29:35 | retrieval.models.tfidf | INFO | TfidfRetriever: Loading item embeddings from artifacts/models/tfidf/item_embeddings.npy
2026-02-07 23:29:35 | retrieval.models.tfidf | INFO | TfidfRetriever: Loading FAISS index from artifacts/models/tfidf/faiss.index
2026-02-07 23:29:35 | retrieval.models.tfidf | INFO | TfidfRetriever: Loading movie ID map from artifacts/models/tfidf/movie_id_to_idx.json
2026-02-07 23:29:35 | retrieval.models.tfidf | INFO | TfidfRetriever: Artifacts loaded successfully.
2026-02-07 23:29:35 | retrieval.models.content_based | INFO | ContentBasedRetriever: Loading item embeddings from artifacts/models/content_based/item_embeddings.npy
2026-02-07 23:29:37 | retrieval.models.content_based | INFO | ContentBasedRetriever: Loading FAISS index from artifacts/models/content_based/faiss.index
2026-02-07 23:29:38 | retrieval.models.content_based | INFO | ContentBasedRetriever: Loading movie ID map from artifacts/models/content_based/movie_id_to_idx.json
2026-02-07 23:29:38 | retrieval.models.content_based | INFO | ContentBasedRetriever: Artifacts loaded successfully.
2026-02-07 23:29:38 | retrieval.models.als | INFO | ALSRetriever: Loading item embeddings from artifacts/models/als/item_embeddings.npy
2026-02-07 23:29:38 | retrieval.models.als | INFO | ALSRetriever: Loading FAISS index from artifacts/models/als/faiss.index
2026-02-07 23:29:38 | retrieval.models.als | INFO | ALSRetriever: Loading movie ID map from artifacts/models/als/movie_id_to_idx.json
2026-02-07 23:29:38 | retrieval.models.als | INFO | ALSRetriever: Artifacts loaded successfully.
2026-02-07 23:29:38 | retrieval.models.two_tower | INFO | TwoTowerRetriever: Loading item embeddings from artifacts/models/two_tower/item_embeddings.npy
2026-02-07 23:29:38 | retrieval.models.two_tower | INFO | TwoTowerRetriever: Loading FAISS index from artifacts/models/two_tower/faiss.index
2026-02-07 23:29:38 | retrieval.models.two_tower | INFO | TwoTowerRetriever: Loading movie ID map from artifacts/models/two_tower/movie_id_to_idx.json
2026-02-07 23:29:38 | retrieval.models.two_tower | INFO | TwoTowerRetriever: Artifacts loaded successfully.
2026-02-07 23:29:38 | retrieval.inference.recall | INFO | RecallService initialized with 4 retrievers.
2026-02-07 23:29:38 | ranking.inference.lgbm | INFO | LGBMRanker: Loaded model from artifacts/models/ranker/lgbm_lambdarank.txt with 13 features.
2026-02-07 23:29:38 | ranking.inference.lgbm | INFO | LGBMRanker: Using features: ['feat_avg_query_rating', 'feat_avg_query_year', 'feat_avg_query_runtime', 'feat_genre_overlap', 'feat_candidate_avg_rating', 'feat_candidate_rating_count', 'feat_candidate_runtime', 'feat_candidate_year', 'feat_candidate_popularity', 'feat_candidate_imdb_rating', 'feat_candidate_imdb_votes', 'feat_year_diff', 'feat_runtime_diff']
INFO:     Application startup complete.
INFO:     Uvicorn running on http://0.0.0.0:8000 (Press CTRL+C to quit)
INFO:     127.0.0.1:51844 - "GET /api/v1/catalog/trending HTTP/1.1" 200 OK
2026-02-07 23:29:53 | common.clients.retry | ERROR | Non-retryable exception in _request: ClientConnectionError: Connector is closed.
2026-02-07 23:29:53 | main | ERROR | Unhandled exception: Connector is closed.
Traceback (most recent call last):
  File "/home/zeek/miniconda3/envs/rsys/lib/python3.10/site-packages/starlette/middleware/errors.py", line 164, in __call__
    await self.app(scope, receive, _send)
  File "/home/zeek/miniconda3/envs/rsys/lib/python3.10/site-packages/starlette/middleware/cors.py", line 85, in __call__
    await self.app(scope, receive, send)
  File "/home/zeek/miniconda3/envs/rsys/lib/python3.10/site-packages/starlette/middleware/exceptions.py", line 63, in __call__
    await wrap_app_handling_exceptions(self.app, conn)(scope, receive, send)
  File "/home/zeek/miniconda3/envs/rsys/lib/python3.10/site-packages/starlette/_exception_handler.py", line 53, in wrapped_app
    raise exc
  File "/home/zeek/miniconda3/envs/rsys/lib/python3.10/site-packages/starlette/_exception_handler.py", line 42, in wrapped_app
    await app(scope, receive, sender)
  File "/home/zeek/miniconda3/envs/rsys/lib/python3.10/site-packages/fastapi/middleware/asyncexitstack.py", line 18, in __call__
    await self.app(scope, receive, send)
  File "/home/zeek/miniconda3/envs/rsys/lib/python3.10/site-packages/starlette/routing.py", line 716, in __call__
    await self.middleware_stack(scope, receive, send)
  File "/home/zeek/miniconda3/envs/rsys/lib/python3.10/site-packages/starlette/routing.py", line 736, in app
    await route.handle(scope, receive, send)
  File "/home/zeek/miniconda3/envs/rsys/lib/python3.10/site-packages/starlette/routing.py", line 290, in handle
    await self.app(scope, receive, send)
  File "/home/zeek/miniconda3/envs/rsys/lib/python3.10/site-packages/fastapi/routing.py", line 115, in app
    await wrap_app_handling_exceptions(app, request)(scope, receive, send)
  File "/home/zeek/miniconda3/envs/rsys/lib/python3.10/site-packages/starlette/_exception_handler.py", line 53, in wrapped_app
    raise exc
  File "/home/zeek/miniconda3/envs/rsys/lib/python3.10/site-packages/starlette/_exception_handler.py", line 42, in wrapped_app
    await app(scope, receive, sender)
  File "/home/zeek/miniconda3/envs/rsys/lib/python3.10/site-packages/fastapi/routing.py", line 101, in app
    response = await f(request)
  File "/home/zeek/miniconda3/envs/rsys/lib/python3.10/site-packages/fastapi/routing.py", line 355, in app
    raw_response = await run_endpoint_function(
  File "/home/zeek/miniconda3/envs/rsys/lib/python3.10/site-packages/fastapi/routing.py", line 243, in run_endpoint_function
    return await dependant.call(**values)
  File "/home/zeek/ML/movie-recommendation-system/backend/api/v1/catalog.py", line 23, in new_releases
    return await fetch_new_releases(limit)
  File "/home/zeek/ML/movie-recommendation-system/backend/common/services/tmdb_catalog_service.py", line 40, in fetch_new_releases
    data = await client.fetch_path(
  File "/home/zeek/ML/movie-recommendation-system/backend/common/clients/tmdb.py", line 67, in fetch_path
    return await self._get(url, params=params, headers=self.headers)
  File "/home/zeek/ML/movie-recommendation-system/backend/common/clients/base.py", line 171, in _get
    return await retry_async(_request)
  File "/home/zeek/ML/movie-recommendation-system/backend/common/clients/retry.py", line 85, in retry_async
    return await func(*args, **kwargs)
  File "/home/zeek/ML/movie-recommendation-system/backend/common/clients/base.py", line 163, in _request
    async with self.session.get(
  File "/home/zeek/miniconda3/envs/rsys/lib/python3.10/site-packages/aiohttp/client.py", line 1510, in __aenter__
    self._resp: _RetType = await self._coro
  File "/home/zeek/miniconda3/envs/rsys/lib/python3.10/site-packages/aiohttp/client.py", line 779, in _request
    resp = await handler(req)
  File "/home/zeek/miniconda3/envs/rsys/lib/python3.10/site-packages/aiohttp/client.py", line 734, in _connect_and_send_request
    conn = await self._connector.connect(
  File "/home/zeek/miniconda3/envs/rsys/lib/python3.10/site-packages/aiohttp/connector.py", line 682, in connect
    raise ClientConnectionError("Connector is closed.")
aiohttp.client_exceptions.ClientConnectionError: Connector is closed.
INFO:     127.0.0.1:51830 - "GET /api/v1/catalog/new HTTP/1.1" 500 Internal Server Error
ERROR:    Exception in ASGI application
Traceback (most recent call last):
  File "/home/zeek/miniconda3/envs/rsys/lib/python3.10/site-packages/uvicorn/protocols/http/httptools_impl.py", line 416, in run_asgi
    result = await app(  # type: ignore[func-returns-value]
  File "/home/zeek/miniconda3/envs/rsys/lib/python3.10/site-packages/uvicorn/middleware/proxy_headers.py", line 60, in __call__
    return await self.app(scope, receive, send)
  File "/home/zeek/miniconda3/envs/rsys/lib/python3.10/site-packages/fastapi/applications.py", line 1135, in __call__
    await super().__call__(scope, receive, send)
  File "/home/zeek/miniconda3/envs/rsys/lib/python3.10/site-packages/starlette/applications.py", line 107, in __call__
    await self.middleware_stack(scope, receive, send)
  File "/home/zeek/miniconda3/envs/rsys/lib/python3.10/site-packages/starlette/middleware/errors.py", line 186, in __call__
    raise exc
  File "/home/zeek/miniconda3/envs/rsys/lib/python3.10/site-packages/starlette/middleware/errors.py", line 164, in __call__
    await self.app(scope, receive, _send)
  File "/home/zeek/miniconda3/envs/rsys/lib/python3.10/site-packages/starlette/middleware/cors.py", line 85, in __call__
    await self.app(scope, receive, send)
  File "/home/zeek/miniconda3/envs/rsys/lib/python3.10/site-packages/starlette/middleware/exceptions.py", line 63, in __call__
    await wrap_app_handling_exceptions(self.app, conn)(scope, receive, send)
  File "/home/zeek/miniconda3/envs/rsys/lib/python3.10/site-packages/starlette/_exception_handler.py", line 53, in wrapped_app
    raise exc
  File "/home/zeek/miniconda3/envs/rsys/lib/python3.10/site-packages/starlette/_exception_handler.py", line 42, in wrapped_app
    await app(scope, receive, sender)
  File "/home/zeek/miniconda3/envs/rsys/lib/python3.10/site-packages/fastapi/middleware/asyncexitstack.py", line 18, in __call__
    await self.app(scope, receive, send)
  File "/home/zeek/miniconda3/envs/rsys/lib/python3.10/site-packages/starlette/routing.py", line 716, in __call__
    await self.middleware_stack(scope, receive, send)
  File "/home/zeek/miniconda3/envs/rsys/lib/python3.10/site-packages/starlette/routing.py", line 736, in app
    await route.handle(scope, receive, send)
  File "/home/zeek/miniconda3/envs/rsys/lib/python3.10/site-packages/starlette/routing.py", line 290, in handle
    await self.app(scope, receive, send)
  File "/home/zeek/miniconda3/envs/rsys/lib/python3.10/site-packages/fastapi/routing.py", line 115, in app
    await wrap_app_handling_exceptions(app, request)(scope, receive, send)
  File "/home/zeek/miniconda3/envs/rsys/lib/python3.10/site-packages/starlette/_exception_handler.py", line 53, in wrapped_app
    raise exc
  File "/home/zeek/miniconda3/envs/rsys/lib/python3.10/site-packages/starlette/_exception_handler.py", line 42, in wrapped_app
    await app(scope, receive, sender)
  File "/home/zeek/miniconda3/envs/rsys/lib/python3.10/site-packages/fastapi/routing.py", line 101, in app
    response = await f(request)
  File "/home/zeek/miniconda3/envs/rsys/lib/python3.10/site-packages/fastapi/routing.py", line 355, in app
    raw_response = await run_endpoint_function(
  File "/home/zeek/miniconda3/envs/rsys/lib/python3.10/site-packages/fastapi/routing.py", line 243, in run_endpoint_function
    return await dependant.call(**values)
  File "/home/zeek/ML/movie-recommendation-system/backend/api/v1/catalog.py", line 23, in new_releases
    return await fetch_new_releases(limit)
  File "/home/zeek/ML/movie-recommendation-system/backend/common/services/tmdb_catalog_service.py", line 40, in fetch_new_releases
    data = await client.fetch_path(
  File "/home/zeek/ML/movie-recommendation-system/backend/common/clients/tmdb.py", line 67, in fetch_path
    return await self._get(url, params=params, headers=self.headers)
  File "/home/zeek/ML/movie-recommendation-system/backend/common/clients/base.py", line 171, in _get
    return await retry_async(_request)
  File "/home/zeek/ML/movie-recommendation-system/backend/common/clients/retry.py", line 85, in retry_async
    return await func(*args, **kwargs)
  File "/home/zeek/ML/movie-recommendation-system/backend/common/clients/base.py", line 163, in _request
    async with self.session.get(
  File "/home/zeek/miniconda3/envs/rsys/lib/python3.10/site-packages/aiohttp/client.py", line 1510, in __aenter__
    self._resp: _RetType = await self._coro
  File "/home/zeek/miniconda3/envs/rsys/lib/python3.10/site-packages/aiohttp/client.py", line 779, in _request
    resp = await handler(req)
  File "/home/zeek/miniconda3/envs/rsys/lib/python3.10/site-packages/aiohttp/client.py", line 734, in _connect_and_send_request
    conn = await self._connector.connect(
  File "/home/zeek/miniconda3/envs/rsys/lib/python3.10/site-packages/aiohttp/connector.py", line 682, in connect
    raise ClientConnectionError("Connector is closed.")
aiohttp.client_exceptions.ClientConnectionError: Connector is closed.
INFO:     Shutting down
INFO:     Waiting for application shutdown.
INFO:     Application shutdown complete.
INFO:     Finished server process [34628]
